\BOOKMARK [1][-]{section.1}{\376\377\000H\000a\000r\000d\000w\000a\000r\000e\000\040\000u\000s\000e\000d}{}% 1
\BOOKMARK [1][-]{section.2}{\376\377\000M\000e\000a\000n\000i\000n\000g\000\040\000o\000f\000\040\000t\000h\000e\000\040\000m\000a\000i\000n\000\040\000n\000e\000t\000w\000o\000r\000k\000\040\000a\000d\000d\000r\000e\000s\000s\000e\000s}{}% 2
\BOOKMARK [1][-]{section.3}{\376\377\000C\000r\000e\000a\000t\000e\000\040\000a\000\040\000p\000e\000r\000s\000i\000s\000t\000e\000n\000t\000\040\000U\000b\000u\000n\000t\000u\000\040\000n\000e\000t\000w\000o\000r\000k\000\040\000p\000r\000o\000f\000i\000l\000e}{}% 3
\BOOKMARK [1][-]{section.4}{\376\377\000U\000s\000e\000f\000u\000l\000\040\000L\000i\000n\000u\000x\000\040\000n\000e\000t\000w\000o\000r\000k\000\040\000c\000h\000e\000c\000k\000s}{}% 4
\BOOKMARK [1][-]{section.5}{\376\377\000V\000e\000r\000i\000f\000y\000\040\000t\000h\000e\000\040\000X\0003\0001\0000\000\040\000w\000i\000t\000h\000\040\000U\000H\000D}{}% 5
\BOOKMARK [1][-]{section.6}{\376\377\000M\000A\000T\000L\000A\000B\000\040\000s\000o\000f\000t\000w\000a\000r\000e\000\040\000t\000o\000\040\000u\000s\000e}{}% 6
\BOOKMARK [1][-]{section.7}{\376\377\000M\000A\000T\000L\000A\000B\000\040\000R\000a\000d\000i\000o\000\040\000S\000e\000t\000u\000p\000\040\000W\000i\000z\000a\000r\000d}{}% 7
\BOOKMARK [1][-]{section.8}{\376\377\000C\000l\000o\000c\000k\000\040\000s\000o\000u\000r\000c\000e\000,\000\040\000t\000i\000m\000e\000\040\000s\000o\000u\000r\000c\000e\000,\000\040\000a\000n\000d\000\040\000L\000O\000\040\000s\000o\000u\000r\000c\000e}{}% 8
\BOOKMARK [2][-]{subsection.8.1}{\376\377\000C\000l\000o\000c\000k\000\040\000s\000o\000u\000r\000c\000e}{section.8}% 9
\BOOKMARK [2][-]{subsection.8.2}{\376\377\000T\000i\000m\000e\000\040\000s\000o\000u\000r\000c\000e}{section.8}% 10
\BOOKMARK [2][-]{subsection.8.3}{\376\377\000L\000O\000\040\000s\000o\000u\000r\000c\000e}{section.8}% 11
\BOOKMARK [1][-]{section.9}{\376\377\000T\000w\000o\000-\000c\000h\000a\000n\000n\000e\000l\000\040\000T\000w\000i\000n\000R\000X\000\040\000t\000u\000n\000i\000n\000g}{}% 12
\BOOKMARK [2][-]{subsection.9.1}{\376\377\000S\000a\000m\000e\000\040\000f\000r\000e\000q\000u\000e\000n\000c\000y\000\040\000w\000i\000t\000h\000\040\000p\000h\000a\000s\000e\000\040\000c\000o\000h\000e\000r\000e\000n\000c\000e}{section.9}% 13
\BOOKMARK [2][-]{subsection.9.2}{\376\377\000D\000i\000f\000f\000e\000r\000e\000n\000t\000\040\000f\000r\000e\000q\000u\000e\000n\000c\000i\000e\000s}{section.9}% 14
\BOOKMARK [1][-]{section.10}{\376\377\000S\000a\000v\000e\000d\000\040\000M\000A\000T\000L\000A\000B\000\040\000r\000a\000d\000i\000o\000\040\000c\000o\000n\000f\000i\000g\000u\000r\000a\000t\000i\000o\000n}{}% 15
\BOOKMARK [1][-]{section.11}{\376\377\000C\000h\000e\000c\000k\000\040\000t\000h\000e\000\040\000e\000x\000t\000e\000r\000n\000a\000l\000\040\0001\0000\000\040\000M\000H\000z\000\040\000r\000e\000f\000e\000r\000e\000n\000c\000e\000\040\000i\000n\000\040\000M\000A\000T\000L\000A\000B}{}% 16
\BOOKMARK [1][-]{section.12}{\376\377\000M\000A\000T\000L\000A\000B\000\040\000L\000O\000-\000l\000o\000c\000k\000\040\000v\000a\000l\000i\000d\000a\000t\000i\000o\000n\000\040\000i\000s\000s\000u\000e\000\040\000w\000i\000t\000h\000\040\000T\000w\000i\000n\000R\000X}{}% 17
\BOOKMARK [1][-]{section.13}{\376\377\000R\000F\000N\000o\000C\000\040\000w\000a\000r\000n\000i\000n\000g\000s\000\040\000s\000e\000e\000n\000\040\000w\000i\000t\000h\000\040\000t\000h\000e\000\040\000W\000i\000r\000e\000l\000e\000s\000s\000\040\000T\000e\000s\000t\000b\000e\000n\000c\000h\000\040\000F\000P\000G\000A\000\040\000i\000m\000a\000g\000e}{}% 18
\BOOKMARK [1][-]{section.14}{\376\377\000M\000i\000n\000i\000m\000a\000l\000\040\000M\000A\000T\000L\000A\000B\000\040\000c\000a\000p\000t\000u\000r\000e\000:\000\040\000L\0001\000\040\000o\000n\000\040\000o\000n\000e\000\040\000c\000h\000a\000n\000n\000e\000l\000\040\000a\000n\000d\000\040\000L\0005\000\040\000o\000n\000\040\000t\000h\000e\000\040\000o\000t\000h\000e\000r}{}% 19
\BOOKMARK [1][-]{section.15}{\376\377\000R\000e\000c\000o\000m\000m\000e\000n\000d\000e\000d\000\040\000f\000i\000n\000a\000l\000\040\000c\000o\000n\000f\000i\000g\000u\000r\000a\000t\000i\000o\000n}{}% 20
